[
  {
    "location": {
      "filePath": "main.bal",
      "startLine": 19,
      "endLine": 19,
      "startColumn": 0,
      "endColumn": 6,
      "startOffset": 705,
      "length": 6
    },
    "rule": {
      "id": "ballerina:3",
      "numericId": 3,
      "description": "Non isolated public function",
      "ruleKind": "CODE_SMELL"
    },
    "source": "BUILT_IN",
    "fileName": "rule2/main.bal",
    "filePath": "C:\\Users\\nureka\\Documents\\GitHub\\module-ballerina-os\\compiler-plugin-tests\\src\\test\\resources\\static_code_analyzer\\ballerina_packages\\rule2\\main.bal"
  },
  {
    "location": {
      "filePath": "main.bal",
      "startLine": 20,
      "endLine": 23,
      "startColumn": 29,
      "endColumn": 5,
      "startOffset": 796,
      "length": 84
    },
    "rule": {
      "id": "ballerina/os:2",
      "numericId": 2,
      "description": "Environment variables should not be defined from untrusted input",
      "ruleKind": "VULNERABILITY"
    },
    "source": "BUILT_IN",
    "fileName": "rule2/main.bal",
    "filePath": "C:\\Users\\nureka\\Documents\\GitHub\\module-ballerina-os\\compiler-plugin-tests\\src\\test\\resources\\static_code_analyzer\\ballerina_packages\\rule2\\main.bal"
  }
]
